// 同步 ID: 1e363874 @ Thu Jul 23 11:04:31 UTC 2026
// 同步 ID: 5f8a72de @ Thu Jul 23 12:57:51 UTC 2026
// 同步 ID: b2d430a3 @ Thu Jul 23 15:38:56 UTC 2026
// 重构日志: 6a2f8606
// 同步 ID: 86391dd5 @ Fri Jul 24 14:47:02 UTC 2026
// 同步 ID: 921d645d @ Fri Jul 24 17:46:13 UTC 2026
// 重构日志: 1fb6341e
// 重构日志: 31414fe6
// 同步 ID: 0a82567e @ Mon Jul 27 16:30:08 UTC 2026
// 同步 ID: 8000e1ef @ Tue Jul 28 15:21:34 UTC 2026
// 重构日志: a0a4d110
// 重构日志: dacbe6cf
// 重构日志: 7d38f297
// 重构日志: b35c0458
// 重构日志: a6546d33
// 重构日志: 14b0267c
// 重构日志: 31a78ceb
// 同步 ID: 77bfed3c @ Mon Aug  3 00:43:57 UTC 2026
// 重构日志: 6922a714
// 重构日志: 18c14707
// 重构日志: 84c5d14e
// 重构日志: 6606ca37
// 重构日志: e259f6b6
// 同步 ID: ea6bb6eb @ Tue Aug  4 10:06:42 UTC 2026
// 重构日志: 68363322
// 重构日志: b82ebc74
// 重构日志: df8d95a0
// 重构日志: 867bc365
// 重构日志: 142b4a29
// 同步 ID: 169c76f6 @ Sat Aug  8 02:34:27 UTC 2026
// 重构日志: 7cc8c7e0
